
> client@0.0.0 build
> vite build

[36mvite v8.0.1 [32mbuilding client environment for production...[36m[39m
[2K
transforming...Γ£ô 4 modules transformed.
node.exe : [31mΓ£ù[39m 
Build failed in 104ms
At line:1 char:1
+ & "C:\Program 
Files\nodejs/node.exe" 
"C:\Program 
Files\nodejs/node_mo ...
+ ~~~~~~~~~~~~~~~~~~~~~~~~~~
~~~~~~~~~~~~~~~~~~~~~~~~~~~~
~~~~~~~~~~~~~~~
    + CategoryInfo          
    : NotSpecified: ([31m  
  Γ£ù[39m Build failed i   
 n 104ms:String) [], Rem    
oteException
    + FullyQualifiedErrorId 
    : NativeCommandError
 
[31merror during build:
[31mBuild failed with 1 
error:

[31m[UNRESOLVED_IMPORT] 
Error:[0m Could not 
resolve 
'./assets/style.css' in 
src/main.jsx
   [38;5;246mΓò¡[0m[38;5;
246mΓöÇ[0m[38;5;246m[[0m 
src/main.jsx:3:8 
[38;5;246m][0m
   [38;5;246mΓöé[0m
 [38;5;246m3 Γöé[0m [38;5
;249mi[0m[38;5;249mm[0m[
38;5;249mp[0m[38;5;249mo[
0m[38;5;249mr[0m[38;5;249
mt[0m[38;5;249m [0m"./ass
ets/style.css"[38;5;249m;[
0m
 [38;5;240m  Γöé[0m       
 ΓöÇΓöÇΓöÇΓöÇΓöÇΓöÇΓöÇΓöÇΓöÇ
ΓöÇΓö¼ΓöÇΓöÇΓöÇΓöÇΓöÇΓöÇΓöÇΓ
öÇΓöÇ  
 [38;5;240m  Γöé[0m       
           Γò░ΓöÇΓöÇΓöÇΓöÇΓö
ÇΓöÇΓöÇΓöÇΓöÇΓöÇΓöÇ Module 
not found.
 [38;5;240m  Γöé[0m 
 [38;5;240m  Γöé[0m 
[38;5;115mHelp[0m: 
'src/main.jsx' is imported 
by the following path:
 [38;5;240m  Γöé[0m       
  - src/main.jsx
 [38;5;240m  Γöé[0m       
  - index.html
[38;5;246mΓöÇΓöÇΓöÇΓò»[0m
[31m
    at aggregateBindingError
sIntoJsError (file:///C:/Use
rs/51y8/Desktop/quikserv/cli
ent/node_modules/rolldown/di
st/shared/error-BO4SlZV_.mjs
:48:18)
    at unwrapBindingResult (
file:///C:/Users/51y8/Deskto
p/quikserv/client/node_modul
es/rolldown/dist/shared/erro
r-BO4SlZV_.mjs:18:128)
    at #build (file:///C:/Us
ers/51y8/Desktop/quikserv/cl
ient/node_modules/rolldown/d
ist/shared/rolldown-build-yQ
C7KN8K.mjs:3311:34)
    at async 
buildEnvironment (file:///C:
/Users/51y8/Desktop/quikserv
/client/node_modules/vite/di
st/node/chunks/node.js:32817
:64)
    at async Object.build (f
ile:///C:/Users/51y8/Desktop
/quikserv/client/node_module
s/vite/dist/node/chunks/node
.js:33239:19)
    at async 
Object.buildApp (file:///C:/
Users/51y8/Desktop/quikserv/
client/node_modules/vite/dis
t/node/chunks/node.js:33236:
153)
    at async 
CAC.<anonymous> (file:///C:/
Users/51y8/Desktop/quikserv/
client/node_modules/vite/dis
t/node/cli.js:778:3) {
  errors: [Getter/Setter]
}[39m
